// Jest Snapshot v1, https://goo.gl/fbAQLP

exports[`<Form /> renders correctly 1`] = `
<div>
  {"values":{"name":"LÃ©o"},"errors":{},"touched":{},"isSubmitting":false,"submitCount":0}
</div>
`;
